<frozen runpy>:128: RuntimeWarning: 'wl_gcl.src.trainers.train_wl_dino' found in sys.modules after import of package 'wl_gcl.src.trainers', but prior to execution of 'wl_gcl.src.trainers.train_wl_dino'; this may result in unpredictable behaviour
[WL-DINO] use_max_wl_depth=True -> resolved_wl_depth=6 (cfg.wl_depth=4)

[WL-DINO] Dataset=CITESEER | Model=GCN | objective=bgrl_wl_naive_cls | distill_space=candidate | dual_view_pairs=False | wl_loss_type=align | wl_naive_pair_sampling=feature_softmax | wl_naive_distance_beta=1.000 | adaptive_wl_balance=False | lambda_sup=0.0 | epochs=200 | device=cuda

[WL-DINO] WL-cls settings | levels=1,2,3,4,5,6 | alpha_scheme=deeper_more | lambda_wl=0.5
[WL-DINO | citeseer    ] Epoch 010/200 Loss: 4.9273 Distill: 1.2569 WL_cls_sum: 7.3408 WL_term: 3.6704 WL_scale: 1.00 PairCov: 0.997 Sup: 0.0000 Tt: 0.0433 Acc: 0.5500 | L_wl_t1: 3.4672, L_wl_t2: 6.9018, L_wl_t3: 7.5097, L_wl_t4: 7.6088, L_wl_t5: 7.6223, L_wl_t6: 7.6349
[WL-DINO | citeseer    ] Epoch 020/200 Loss: 4.5525 Distill: 0.8867 WL_cls_sum: 7.3316 WL_term: 3.6658 WL_scale: 1.00 PairCov: 0.997 Sup: 0.0000 Tt: 0.0467 Acc: 0.5620 | L_wl_t1: 3.4503, L_wl_t2: 6.8867, L_wl_t3: 7.5021, L_wl_t4: 7.6001, L_wl_t5: 7.6163, L_wl_t6: 7.6251
[WL-DINO | citeseer    ] Epoch 030/200 Loss: 4.3485 Distill: 0.6880 WL_cls_sum: 7.3209 WL_term: 3.6605 WL_scale: 1.00 PairCov: 0.997 Sup: 0.0000 Tt: 0.0500 Acc: 0.5780 | L_wl_t1: 3.4270, L_wl_t2: 6.8690, L_wl_t3: 7.4928, L_wl_t4: 7.5904, L_wl_t5: 7.6085, L_wl_t6: 7.6153
[WL-DINO | citeseer    ] Epoch 040/200 Loss: 4.2249 Distill: 0.5697 WL_cls_sum: 7.3104 WL_term: 3.6552 WL_scale: 1.00 PairCov: 0.772 Sup: 0.0000 Tt: 0.0500 Acc: 0.5870 | L_wl_t1: 3.4051, L_wl_t2: 6.8522, L_wl_t3: 7.4830, L_wl_t4: 7.5812, L_wl_t5: 7.6004, L_wl_t6: 7.6053
[WL-DINO | citeseer    ] Epoch 050/200 Loss: 4.0953 Distill: 0.4450 WL_cls_sum: 7.3005 WL_term: 3.6503 WL_scale: 1.00 PairCov: 0.772 Sup: 0.0000 Tt: 0.0500 Acc: 0.5810 | L_wl_t1: 3.3854, L_wl_t2: 6.8366, L_wl_t3: 7.4737, L_wl_t4: 7.5729, L_wl_t5: 7.5926, L_wl_t6: 7.5962
[WL-DINO | citeseer    ] Epoch 060/200 Loss: 3.9938 Distill: 0.3482 WL_cls_sum: 7.2912 WL_term: 3.6456 WL_scale: 1.00 PairCov: 0.772 Sup: 0.0000 Tt: 0.0500 Acc: 0.5730 | L_wl_t1: 3.3674, L_wl_t2: 6.8221, L_wl_t3: 7.4649, L_wl_t4: 7.5648, L_wl_t5: 7.5847, L_wl_t6: 7.5876
[WL-DINO | citeseer    ] Epoch 070/200 Loss: 3.9465 Distill: 0.3055 WL_cls_sum: 7.2821 WL_term: 3.6410 WL_scale: 1.00 PairCov: 0.539 Sup: 0.0000 Tt: 0.0500 Acc: 0.5620 | L_wl_t1: 3.3496, L_wl_t2: 6.8083, L_wl_t3: 7.4563, L_wl_t4: 7.5571, L_wl_t5: 7.5768, L_wl_t6: 7.5793
[WL-DINO | citeseer    ] Epoch 080/200 Loss: 3.8873 Distill: 0.2505 WL_cls_sum: 7.2736 WL_term: 3.6368 WL_scale: 1.00 PairCov: 0.539 Sup: 0.0000 Tt: 0.0500 Acc: 0.5730 | L_wl_t1: 3.3329, L_wl_t2: 6.7957, L_wl_t3: 7.4484, L_wl_t4: 7.5497, L_wl_t5: 7.5695, L_wl_t6: 7.5716
[WL-DINO | citeseer    ] Epoch 090/200 Loss: 3.8427 Distill: 0.2097 WL_cls_sum: 7.2660 WL_term: 3.6330 WL_scale: 1.00 PairCov: 0.539 Sup: 0.0000 Tt: 0.0500 Acc: 0.5670 | L_wl_t1: 3.3176, L_wl_t2: 6.7843, L_wl_t3: 7.4415, L_wl_t4: 7.5430, L_wl_t5: 7.5628, L_wl_t6: 7.5649
[WL-DINO | citeseer    ] Epoch 100/200 Loss: 3.8073 Distill: 0.1777 WL_cls_sum: 7.2593 WL_term: 3.6297 WL_scale: 1.00 PairCov: 0.539 Sup: 0.0000 Tt: 0.0500 Acc: 0.5500 | L_wl_t1: 3.3043, L_wl_t2: 6.7744, L_wl_t3: 7.4356, L_wl_t4: 7.5374, L_wl_t5: 7.5569, L_wl_t6: 7.5587
[WL-DINO | citeseer    ] Epoch 110/200 Loss: 3.7853 Distill: 0.1584 WL_cls_sum: 7.2538 WL_term: 3.6269 WL_scale: 1.00 PairCov: 0.477 Sup: 0.0000 Tt: 0.0500 Acc: 0.5510 | L_wl_t1: 3.2932, L_wl_t2: 6.7659, L_wl_t3: 7.4303, L_wl_t4: 7.5327, L_wl_t5: 7.5521, L_wl_t6: 7.5538
[WL-DINO | citeseer    ] Epoch 120/200 Loss: 3.7634 Distill: 0.1388 WL_cls_sum: 7.2492 WL_term: 3.6246 WL_scale: 1.00 PairCov: 0.477 Sup: 0.0000 Tt: 0.0500 Acc: 0.5430 | L_wl_t1: 3.2836, L_wl_t2: 6.7588, L_wl_t3: 7.4260, L_wl_t4: 7.5289, L_wl_t5: 7.5482, L_wl_t6: 7.5495
[WL-DINO | citeseer    ] Epoch 130/200 Loss: 3.7471 Distill: 0.1244 WL_cls_sum: 7.2454 WL_term: 3.6227 WL_scale: 1.00 PairCov: 0.477 Sup: 0.0000 Tt: 0.0500 Acc: 0.5480 | L_wl_t1: 3.2760, L_wl_t2: 6.7530, L_wl_t3: 7.4225, L_wl_t4: 7.5257, L_wl_t5: 7.5449, L_wl_t6: 7.5462
[WL-DINO | citeseer    ] Epoch 140/200 Loss: 3.7334 Distill: 0.1122 WL_cls_sum: 7.2425 WL_term: 3.6212 WL_scale: 1.00 PairCov: 0.459 Sup: 0.0000 Tt: 0.0500 Acc: 0.5460 | L_wl_t1: 3.2702, L_wl_t2: 6.7487, L_wl_t3: 7.4200, L_wl_t4: 7.5231, L_wl_t5: 7.5423, L_wl_t6: 7.5435
[WL-DINO | citeseer    ] Epoch 150/200 Loss: 3.7223 Distill: 0.1021 WL_cls_sum: 7.2404 WL_term: 3.6202 WL_scale: 1.00 PairCov: 0.459 Sup: 0.0000 Tt: 0.0500 Acc: 0.5440 | L_wl_t1: 3.2659, L_wl_t2: 6.7454, L_wl_t3: 7.4179, L_wl_t4: 7.5214, L_wl_t5: 7.5405, L_wl_t6: 7.5417
[WL-DINO | citeseer    ] Epoch 160/200 Loss: 3.7137 Distill: 0.0942 WL_cls_sum: 7.2389 WL_term: 3.6195 WL_scale: 1.00 PairCov: 0.459 Sup: 0.0000 Tt: 0.0500 Acc: 0.5450 | L_wl_t1: 3.2629, L_wl_t2: 6.7432, L_wl_t3: 7.4166, L_wl_t4: 7.5201, L_wl_t5: 7.5392, L_wl_t6: 7.5404
[WL-DINO | citeseer    ] Epoch 170/200 Loss: 3.7069 Distill: 0.0879 WL_cls_sum: 7.2380 WL_term: 3.6190 WL_scale: 1.00 PairCov: 0.459 Sup: 0.0000 Tt: 0.0500 Acc: 0.5560 | L_wl_t1: 3.2610, L_wl_t2: 6.7419, L_wl_t3: 7.4157, L_wl_t4: 7.5193, L_wl_t5: 7.5385, L_wl_t6: 7.5394
[WL-DINO | citeseer    ] Epoch 180/200 Loss: 3.7027 Distill: 0.0839 WL_cls_sum: 7.2375 WL_term: 3.6187 WL_scale: 1.00 PairCov: 0.459 Sup: 0.0000 Tt: 0.0500 Acc: 0.5420 | L_wl_t1: 3.2600, L_wl_t2: 6.7411, L_wl_t3: 7.4153, L_wl_t4: 7.5188, L_wl_t5: 7.5380, L_wl_t6: 7.5390
[WL-DINO | citeseer    ] Epoch 190/200 Loss: 3.6983 Distill: 0.0796 WL_cls_sum: 7.2373 WL_term: 3.6186 WL_scale: 1.00 PairCov: 0.459 Sup: 0.0000 Tt: 0.0500 Acc: 0.5440 | L_wl_t1: 3.2596, L_wl_t2: 6.7409, L_wl_t3: 7.4150, L_wl_t4: 7.5187, L_wl_t5: 7.5378, L_wl_t6: 7.5388
[WL-DINO | citeseer    ] Epoch 200/200 Loss: 3.6967 Distill: 0.0781 WL_cls_sum: 7.2373 WL_term: 3.6187 WL_scale: 1.00 PairCov: 0.459 Sup: 0.0000 Tt: 0.0500 Acc: 0.5430 | L_wl_t1: 3.2595, L_wl_t2: 6.7407, L_wl_t3: 7.4150, L_wl_t4: 7.5187, L_wl_t5: 7.5378, L_wl_t6: 7.5389
[WL-DINO | CITESEER    ] Best Acc: 0.5870
