<frozen runpy>:128: RuntimeWarning: 'wl_gcl.src.trainers.train_wl_dino' found in sys.modules after import of package 'wl_gcl.src.trainers', but prior to execution of 'wl_gcl.src.trainers.train_wl_dino'; this may result in unpredictable behaviour
[WL-DINO] use_max_wl_depth=True -> resolved_wl_depth=6 (cfg.wl_depth=4)

[WL-DINO] Dataset=CITESEER | Model=GCN | objective=bgrl_wl_naive_cls | distill_space=candidate | dual_view_pairs=False | wl_loss_type=align | wl_naive_pair_sampling=uniform | wl_naive_distance_beta=1.000 | adaptive_wl_balance=False | lambda_sup=0.0 | epochs=200 | device=cuda

[WL-DINO] WL-cls settings | levels=1,2,3,4,5,6 | alpha_scheme=deeper_more | lambda_wl=0.5
[WL-DINO | citeseer    ] Epoch 010/200 Loss: 4.9763 Distill: 1.3039 WL_cls_sum: 7.3447 WL_term: 3.6724 WL_scale: 1.00 PairCov: 0.997 Sup: 0.0000 Tt: 0.0433 Acc: 0.5810 | L_wl_t1: 3.4405, L_wl_t2: 6.8957, L_wl_t3: 7.5125, L_wl_t4: 7.6024, L_wl_t5: 7.6375, L_wl_t6: 7.6453
[WL-DINO | citeseer    ] Epoch 020/200 Loss: 4.5489 Distill: 0.8806 WL_cls_sum: 7.3366 WL_term: 3.6683 WL_scale: 1.00 PairCov: 0.997 Sup: 0.0000 Tt: 0.0467 Acc: 0.5650 | L_wl_t1: 3.4185, L_wl_t2: 6.8820, L_wl_t3: 7.5037, L_wl_t4: 7.5965, L_wl_t5: 7.6302, L_wl_t6: 7.6398
[WL-DINO | citeseer    ] Epoch 030/200 Loss: 4.3315 Distill: 0.6679 WL_cls_sum: 7.3272 WL_term: 3.6636 WL_scale: 1.00 PairCov: 0.997 Sup: 0.0000 Tt: 0.0500 Acc: 0.5540 | L_wl_t1: 3.3983, L_wl_t2: 6.8674, L_wl_t3: 7.4944, L_wl_t4: 7.5889, L_wl_t5: 7.6225, L_wl_t6: 7.6312
[WL-DINO | citeseer    ] Epoch 040/200 Loss: 4.2172 Distill: 0.5584 WL_cls_sum: 7.3177 WL_term: 3.6589 WL_scale: 1.00 PairCov: 0.772 Sup: 0.0000 Tt: 0.0500 Acc: 0.5370 | L_wl_t1: 3.3801, L_wl_t2: 6.8528, L_wl_t3: 7.4850, L_wl_t4: 7.5807, L_wl_t5: 7.6150, L_wl_t6: 7.6222
[WL-DINO | citeseer    ] Epoch 050/200 Loss: 4.0898 Distill: 0.4356 WL_cls_sum: 7.3085 WL_term: 3.6542 WL_scale: 1.00 PairCov: 0.772 Sup: 0.0000 Tt: 0.0500 Acc: 0.5330 | L_wl_t1: 3.3628, L_wl_t2: 6.8387, L_wl_t3: 7.4755, L_wl_t4: 7.5730, L_wl_t5: 7.6075, L_wl_t6: 7.6136
[WL-DINO | citeseer    ] Epoch 060/200 Loss: 3.9939 Distill: 0.3443 WL_cls_sum: 7.2994 WL_term: 3.6497 WL_scale: 1.00 PairCov: 0.772 Sup: 0.0000 Tt: 0.0500 Acc: 0.5280 | L_wl_t1: 3.3451, L_wl_t2: 6.8249, L_wl_t3: 7.4665, L_wl_t4: 7.5651, L_wl_t5: 7.5997, L_wl_t6: 7.6056
[WL-DINO | citeseer    ] Epoch 070/200 Loss: 3.9491 Distill: 0.3038 WL_cls_sum: 7.2906 WL_term: 3.6453 WL_scale: 1.00 PairCov: 0.539 Sup: 0.0000 Tt: 0.0500 Acc: 0.5310 | L_wl_t1: 3.3279, L_wl_t2: 6.8117, L_wl_t3: 7.4581, L_wl_t4: 7.5575, L_wl_t5: 7.5921, L_wl_t6: 7.5977
[WL-DINO | citeseer    ] Epoch 080/200 Loss: 3.8912 Distill: 0.2500 WL_cls_sum: 7.2824 WL_term: 3.6412 WL_scale: 1.00 PairCov: 0.539 Sup: 0.0000 Tt: 0.0500 Acc: 0.5400 | L_wl_t1: 3.3119, L_wl_t2: 6.7991, L_wl_t3: 7.4504, L_wl_t4: 7.5506, L_wl_t5: 7.5849, L_wl_t6: 7.5905
[WL-DINO | citeseer    ] Epoch 090/200 Loss: 3.8501 Distill: 0.2125 WL_cls_sum: 7.2750 WL_term: 3.6375 WL_scale: 1.00 PairCov: 0.539 Sup: 0.0000 Tt: 0.0500 Acc: 0.5360 | L_wl_t1: 3.2976, L_wl_t2: 6.7881, L_wl_t3: 7.4436, L_wl_t4: 7.5442, L_wl_t5: 7.5781, L_wl_t6: 7.5839
[WL-DINO | citeseer    ] Epoch 100/200 Loss: 3.8159 Distill: 0.1816 WL_cls_sum: 7.2685 WL_term: 3.6343 WL_scale: 1.00 PairCov: 0.539 Sup: 0.0000 Tt: 0.0500 Acc: 0.5250 | L_wl_t1: 3.2854, L_wl_t2: 6.7784, L_wl_t3: 7.4374, L_wl_t4: 7.5386, L_wl_t5: 7.5722, L_wl_t6: 7.5782
[WL-DINO | citeseer    ] Epoch 110/200 Loss: 3.7924 Distill: 0.1609 WL_cls_sum: 7.2630 WL_term: 3.6315 WL_scale: 1.00 PairCov: 0.477 Sup: 0.0000 Tt: 0.0500 Acc: 0.5310 | L_wl_t1: 3.2749, L_wl_t2: 6.7700, L_wl_t3: 7.4321, L_wl_t4: 7.5339, L_wl_t5: 7.5672, L_wl_t6: 7.5732
[WL-DINO | citeseer    ] Epoch 120/200 Loss: 3.7711 Distill: 0.1419 WL_cls_sum: 7.2583 WL_term: 3.6292 WL_scale: 1.00 PairCov: 0.477 Sup: 0.0000 Tt: 0.0500 Acc: 0.5360 | L_wl_t1: 3.2661, L_wl_t2: 6.7630, L_wl_t3: 7.4279, L_wl_t4: 7.5299, L_wl_t5: 7.5629, L_wl_t6: 7.5691
[WL-DINO | citeseer    ] Epoch 130/200 Loss: 3.7552 Distill: 0.1279 WL_cls_sum: 7.2546 WL_term: 3.6273 WL_scale: 1.00 PairCov: 0.477 Sup: 0.0000 Tt: 0.0500 Acc: 0.5360 | L_wl_t1: 3.2590, L_wl_t2: 6.7573, L_wl_t3: 7.4245, L_wl_t4: 7.5268, L_wl_t5: 7.5596, L_wl_t6: 7.5657
[WL-DINO | citeseer    ] Epoch 140/200 Loss: 3.7413 Distill: 0.1155 WL_cls_sum: 7.2517 WL_term: 3.6258 WL_scale: 1.00 PairCov: 0.459 Sup: 0.0000 Tt: 0.0500 Acc: 0.5390 | L_wl_t1: 3.2537, L_wl_t2: 6.7529, L_wl_t3: 7.4218, L_wl_t4: 7.5241, L_wl_t5: 7.5570, L_wl_t6: 7.5631
[WL-DINO | citeseer    ] Epoch 150/200 Loss: 3.7298 Distill: 0.1051 WL_cls_sum: 7.2495 WL_term: 3.6248 WL_scale: 1.00 PairCov: 0.459 Sup: 0.0000 Tt: 0.0500 Acc: 0.5320 | L_wl_t1: 3.2496, L_wl_t2: 6.7499, L_wl_t3: 7.4198, L_wl_t4: 7.5223, L_wl_t5: 7.5549, L_wl_t6: 7.5612
[WL-DINO | citeseer    ] Epoch 160/200 Loss: 3.7221 Distill: 0.0980 WL_cls_sum: 7.2481 WL_term: 3.6241 WL_scale: 1.00 PairCov: 0.459 Sup: 0.0000 Tt: 0.0500 Acc: 0.5390 | L_wl_t1: 3.2471, L_wl_t2: 6.7476, L_wl_t3: 7.4183, L_wl_t4: 7.5211, L_wl_t5: 7.5537, L_wl_t6: 7.5600
[WL-DINO | citeseer    ] Epoch 170/200 Loss: 3.7149 Distill: 0.0913 WL_cls_sum: 7.2472 WL_term: 3.6236 WL_scale: 1.00 PairCov: 0.459 Sup: 0.0000 Tt: 0.0500 Acc: 0.5310 | L_wl_t1: 3.2453, L_wl_t2: 6.7463, L_wl_t3: 7.4177, L_wl_t4: 7.5204, L_wl_t5: 7.5528, L_wl_t6: 7.5593
[WL-DINO | citeseer    ] Epoch 180/200 Loss: 3.7102 Distill: 0.0868 WL_cls_sum: 7.2468 WL_term: 3.6234 WL_scale: 1.00 PairCov: 0.459 Sup: 0.0000 Tt: 0.0500 Acc: 0.5340 | L_wl_t1: 3.2445, L_wl_t2: 6.7456, L_wl_t3: 7.4170, L_wl_t4: 7.5201, L_wl_t5: 7.5525, L_wl_t6: 7.5590
[WL-DINO | citeseer    ] Epoch 190/200 Loss: 3.7070 Distill: 0.0837 WL_cls_sum: 7.2466 WL_term: 3.6233 WL_scale: 1.00 PairCov: 0.459 Sup: 0.0000 Tt: 0.0500 Acc: 0.5290 | L_wl_t1: 3.2441, L_wl_t2: 6.7454, L_wl_t3: 7.4169, L_wl_t4: 7.5200, L_wl_t5: 7.5521, L_wl_t6: 7.5587
[WL-DINO | citeseer    ] Epoch 200/200 Loss: 3.7052 Distill: 0.0819 WL_cls_sum: 7.2465 WL_term: 3.6233 WL_scale: 1.00 PairCov: 0.459 Sup: 0.0000 Tt: 0.0500 Acc: 0.5310 | L_wl_t1: 3.2440, L_wl_t2: 6.7454, L_wl_t3: 7.4170, L_wl_t4: 7.5198, L_wl_t5: 7.5521, L_wl_t6: 7.5587
[WL-DINO | CITESEER    ] Best Acc: 0.5810
