<frozen runpy>:128: RuntimeWarning: 'wl_gcl.src.trainers.train_wl_dino' found in sys.modules after import of package 'wl_gcl.src.trainers', but prior to execution of 'wl_gcl.src.trainers.train_wl_dino'; this may result in unpredictable behaviour
[WL-DINO] use_max_wl_depth=True -> resolved_wl_depth=6 (cfg.wl_depth=4)

[WL-DINO] Dataset=CITESEER | Model=GCN | objective=bgrl_wl_naive_cls | distill_space=candidate | dual_view_pairs=False | wl_loss_type=align | wl_naive_pair_sampling=wl_distance | wl_naive_distance_beta=1.000 | adaptive_wl_balance=False | lambda_sup=0.0 | epochs=200 | device=cuda

[WL-DINO] WL-cls settings | levels=1,2,3,4,5,6 | alpha_scheme=deeper_more | lambda_wl=0.5
[WL-DINO | citeseer    ] Epoch 010/200 Loss: 4.9451 Distill: 1.2740 WL_cls_sum: 7.3423 WL_term: 3.6711 WL_scale: 1.00 PairCov: 0.997 Sup: 0.0000 Tt: 0.0433 Acc: 0.5330 | L_wl_t1: 3.4339, L_wl_t2: 6.8785, L_wl_t3: 7.5073, L_wl_t4: 7.6044, L_wl_t5: 7.6444, L_wl_t6: 7.6392
[WL-DINO | citeseer    ] Epoch 020/200 Loss: 4.5655 Distill: 0.8993 WL_cls_sum: 7.3325 WL_term: 3.6662 WL_scale: 1.00 PairCov: 0.997 Sup: 0.0000 Tt: 0.0467 Acc: 0.5340 | L_wl_t1: 3.4121, L_wl_t2: 6.8657, L_wl_t3: 7.4993, L_wl_t4: 7.5967, L_wl_t5: 7.6353, L_wl_t6: 7.6295
[WL-DINO | citeseer    ] Epoch 030/200 Loss: 4.3415 Distill: 0.6801 WL_cls_sum: 7.3227 WL_term: 3.6613 WL_scale: 1.00 PairCov: 0.997 Sup: 0.0000 Tt: 0.0500 Acc: 0.5220 | L_wl_t1: 3.3892, L_wl_t2: 6.8507, L_wl_t3: 7.4906, L_wl_t4: 7.5892, L_wl_t5: 7.6257, L_wl_t6: 7.6215
[WL-DINO | citeseer    ] Epoch 040/200 Loss: 4.2247 Distill: 0.5681 WL_cls_sum: 7.3133 WL_term: 3.6566 WL_scale: 1.00 PairCov: 0.772 Sup: 0.0000 Tt: 0.0500 Acc: 0.5100 | L_wl_t1: 3.3698, L_wl_t2: 6.8357, L_wl_t3: 7.4810, L_wl_t4: 7.5821, L_wl_t5: 7.6161, L_wl_t6: 7.6143
[WL-DINO | citeseer    ] Epoch 050/200 Loss: 4.1008 Distill: 0.4487 WL_cls_sum: 7.3042 WL_term: 3.6521 WL_scale: 1.00 PairCov: 0.772 Sup: 0.0000 Tt: 0.0500 Acc: 0.5080 | L_wl_t1: 3.3517, L_wl_t2: 6.8210, L_wl_t3: 7.4713, L_wl_t4: 7.5751, L_wl_t5: 7.6072, L_wl_t6: 7.6073
[WL-DINO | citeseer    ] Epoch 060/200 Loss: 4.0044 Distill: 0.3568 WL_cls_sum: 7.2951 WL_term: 3.6475 WL_scale: 1.00 PairCov: 0.772 Sup: 0.0000 Tt: 0.0500 Acc: 0.5030 | L_wl_t1: 3.3335, L_wl_t2: 6.8067, L_wl_t3: 7.4618, L_wl_t4: 7.5681, L_wl_t5: 7.5983, L_wl_t6: 7.6000
[WL-DINO | citeseer    ] Epoch 070/200 Loss: 3.9536 Distill: 0.3105 WL_cls_sum: 7.2862 WL_term: 3.6431 WL_scale: 1.00 PairCov: 0.539 Sup: 0.0000 Tt: 0.0500 Acc: 0.5100 | L_wl_t1: 3.3163, L_wl_t2: 6.7929, L_wl_t3: 7.4527, L_wl_t4: 7.5613, L_wl_t5: 7.5900, L_wl_t6: 7.5926
[WL-DINO | citeseer    ] Epoch 080/200 Loss: 3.8972 Distill: 0.2583 WL_cls_sum: 7.2778 WL_term: 3.6389 WL_scale: 1.00 PairCov: 0.539 Sup: 0.0000 Tt: 0.0500 Acc: 0.5050 | L_wl_t1: 3.3000, L_wl_t2: 6.7799, L_wl_t3: 7.4444, L_wl_t4: 7.5545, L_wl_t5: 7.5822, L_wl_t6: 7.5853
[WL-DINO | citeseer    ] Epoch 090/200 Loss: 3.8519 Distill: 0.2168 WL_cls_sum: 7.2701 WL_term: 3.6351 WL_scale: 1.00 PairCov: 0.539 Sup: 0.0000 Tt: 0.0500 Acc: 0.5030 | L_wl_t1: 3.2853, L_wl_t2: 6.7683, L_wl_t3: 7.4370, L_wl_t4: 7.5483, L_wl_t5: 7.5753, L_wl_t6: 7.5784
[WL-DINO | citeseer    ] Epoch 100/200 Loss: 3.8179 Distill: 0.1861 WL_cls_sum: 7.2635 WL_term: 3.6317 WL_scale: 1.00 PairCov: 0.539 Sup: 0.0000 Tt: 0.0500 Acc: 0.5050 | L_wl_t1: 3.2723, L_wl_t2: 6.7583, L_wl_t3: 7.4306, L_wl_t4: 7.5428, L_wl_t5: 7.5693, L_wl_t6: 7.5725
[WL-DINO | citeseer    ] Epoch 110/200 Loss: 3.7941 Distill: 0.1652 WL_cls_sum: 7.2578 WL_term: 3.6289 WL_scale: 1.00 PairCov: 0.477 Sup: 0.0000 Tt: 0.0500 Acc: 0.5130 | L_wl_t1: 3.2610, L_wl_t2: 6.7499, L_wl_t3: 7.4250, L_wl_t4: 7.5383, L_wl_t5: 7.5641, L_wl_t6: 7.5673
[WL-DINO | citeseer    ] Epoch 120/200 Loss: 3.7724 Distill: 0.1459 WL_cls_sum: 7.2531 WL_term: 3.6265 WL_scale: 1.00 PairCov: 0.477 Sup: 0.0000 Tt: 0.0500 Acc: 0.5170 | L_wl_t1: 3.2516, L_wl_t2: 6.7428, L_wl_t3: 7.4205, L_wl_t4: 7.5342, L_wl_t5: 7.5601, L_wl_t6: 7.5631
[WL-DINO | citeseer    ] Epoch 130/200 Loss: 3.7566 Distill: 0.1319 WL_cls_sum: 7.2493 WL_term: 3.6246 WL_scale: 1.00 PairCov: 0.477 Sup: 0.0000 Tt: 0.0500 Acc: 0.5200 | L_wl_t1: 3.2441, L_wl_t2: 6.7372, L_wl_t3: 7.4171, L_wl_t4: 7.5311, L_wl_t5: 7.5566, L_wl_t6: 7.5597
[WL-DINO | citeseer    ] Epoch 140/200 Loss: 3.7422 Distill: 0.1190 WL_cls_sum: 7.2464 WL_term: 3.6232 WL_scale: 1.00 PairCov: 0.459 Sup: 0.0000 Tt: 0.0500 Acc: 0.5130 | L_wl_t1: 3.2386, L_wl_t2: 6.7329, L_wl_t3: 7.4143, L_wl_t4: 7.5287, L_wl_t5: 7.5538, L_wl_t6: 7.5571
[WL-DINO | citeseer    ] Epoch 150/200 Loss: 3.7316 Distill: 0.1095 WL_cls_sum: 7.2442 WL_term: 3.6221 WL_scale: 1.00 PairCov: 0.459 Sup: 0.0000 Tt: 0.0500 Acc: 0.5160 | L_wl_t1: 3.2344, L_wl_t2: 6.7296, L_wl_t3: 7.4121, L_wl_t4: 7.5269, L_wl_t5: 7.5520, L_wl_t6: 7.5550
[WL-DINO | citeseer    ] Epoch 160/200 Loss: 3.7231 Distill: 0.1018 WL_cls_sum: 7.2427 WL_term: 3.6214 WL_scale: 1.00 PairCov: 0.459 Sup: 0.0000 Tt: 0.0500 Acc: 0.5160 | L_wl_t1: 3.2315, L_wl_t2: 6.7276, L_wl_t3: 7.4108, L_wl_t4: 7.5258, L_wl_t5: 7.5506, L_wl_t6: 7.5536
[WL-DINO | citeseer    ] Epoch 170/200 Loss: 3.7164 Distill: 0.0955 WL_cls_sum: 7.2418 WL_term: 3.6209 WL_scale: 1.00 PairCov: 0.459 Sup: 0.0000 Tt: 0.0500 Acc: 0.5130 | L_wl_t1: 3.2297, L_wl_t2: 6.7263, L_wl_t3: 7.4098, L_wl_t4: 7.5251, L_wl_t5: 7.5498, L_wl_t6: 7.5528
[WL-DINO | citeseer    ] Epoch 180/200 Loss: 3.7119 Distill: 0.0912 WL_cls_sum: 7.2413 WL_term: 3.6207 WL_scale: 1.00 PairCov: 0.459 Sup: 0.0000 Tt: 0.0500 Acc: 0.5130 | L_wl_t1: 3.2288, L_wl_t2: 6.7254, L_wl_t3: 7.4093, L_wl_t4: 7.5246, L_wl_t5: 7.5494, L_wl_t6: 7.5526
[WL-DINO | citeseer    ] Epoch 190/200 Loss: 3.7084 Distill: 0.0878 WL_cls_sum: 7.2411 WL_term: 3.6206 WL_scale: 1.00 PairCov: 0.459 Sup: 0.0000 Tt: 0.0500 Acc: 0.5100 | L_wl_t1: 3.2284, L_wl_t2: 6.7254, L_wl_t3: 7.4093, L_wl_t4: 7.5244, L_wl_t5: 7.5492, L_wl_t6: 7.5523
[WL-DINO | citeseer    ] Epoch 200/200 Loss: 3.7058 Distill: 0.0852 WL_cls_sum: 7.2411 WL_term: 3.6206 WL_scale: 1.00 PairCov: 0.459 Sup: 0.0000 Tt: 0.0500 Acc: 0.5170 | L_wl_t1: 3.2285, L_wl_t2: 6.7251, L_wl_t3: 7.4091, L_wl_t4: 7.5245, L_wl_t5: 7.5492, L_wl_t6: 7.5522
[WL-DINO | CITESEER    ] Best Acc: 0.5340
