<frozen runpy>:128: RuntimeWarning: 'wl_gcl.src.trainers.train_wl_dino' found in sys.modules after import of package 'wl_gcl.src.trainers', but prior to execution of 'wl_gcl.src.trainers.train_wl_dino'; this may result in unpredictable behaviour
[WL-DINO] use_max_wl_depth=True -> resolved_wl_depth=6 (cfg.wl_depth=4)

[WL-DINO] Dataset=CITESEER | Model=GCN | objective=bgrl_wl_naive_cls | distill_space=candidate | dual_view_pairs=False | wl_loss_type=align | wl_naive_pair_sampling=hybrid | wl_naive_distance_beta=1.000 | adaptive_wl_balance=False | lambda_sup=0.0 | epochs=200 | device=cuda

[WL-DINO] WL-cls settings | levels=1,2,3,4,5,6 | alpha_scheme=deeper_more | lambda_wl=0.5
[WL-DINO | citeseer    ] Epoch 010/200 Loss: 4.9510 Distill: 1.2765 WL_cls_sum: 7.3491 WL_term: 3.6745 WL_scale: 1.00 PairCov: 0.997 Sup: 0.0000 Tt: 0.0433 Acc: 0.5800 | L_wl_t1: 3.4615, L_wl_t2: 6.8794, L_wl_t3: 7.4998, L_wl_t4: 7.6211, L_wl_t5: 7.6469, L_wl_t6: 7.6487
[WL-DINO | citeseer    ] Epoch 020/200 Loss: 4.5133 Distill: 0.8435 WL_cls_sum: 7.3396 WL_term: 3.6698 WL_scale: 1.00 PairCov: 0.997 Sup: 0.0000 Tt: 0.0467 Acc: 0.5590 | L_wl_t1: 3.4348, L_wl_t2: 6.8651, L_wl_t3: 7.4919, L_wl_t4: 7.6139, L_wl_t5: 7.6387, L_wl_t6: 7.6403
[WL-DINO | citeseer    ] Epoch 030/200 Loss: 4.2711 Distill: 0.6065 WL_cls_sum: 7.3293 WL_term: 3.6646 WL_scale: 1.00 PairCov: 0.997 Sup: 0.0000 Tt: 0.0500 Acc: 0.5370 | L_wl_t1: 3.4071, L_wl_t2: 6.8510, L_wl_t3: 7.4843, L_wl_t4: 7.6068, L_wl_t5: 7.6286, L_wl_t6: 7.6303
[WL-DINO | citeseer    ] Epoch 040/200 Loss: 4.1632 Distill: 0.5036 WL_cls_sum: 7.3192 WL_term: 3.6596 WL_scale: 1.00 PairCov: 0.772 Sup: 0.0000 Tt: 0.0500 Acc: 0.5390 | L_wl_t1: 3.3833, L_wl_t2: 6.8373, L_wl_t3: 7.4761, L_wl_t4: 7.5996, L_wl_t5: 7.6185, L_wl_t6: 7.6210
[WL-DINO | citeseer    ] Epoch 050/200 Loss: 4.0535 Distill: 0.3986 WL_cls_sum: 7.3098 WL_term: 3.6549 WL_scale: 1.00 PairCov: 0.772 Sup: 0.0000 Tt: 0.0500 Acc: 0.5480 | L_wl_t1: 3.3622, L_wl_t2: 6.8237, L_wl_t3: 7.4681, L_wl_t4: 7.5924, L_wl_t5: 7.6090, L_wl_t6: 7.6127
[WL-DINO | citeseer    ] Epoch 060/200 Loss: 3.9674 Distill: 0.3170 WL_cls_sum: 7.3008 WL_term: 3.6504 WL_scale: 1.00 PairCov: 0.772 Sup: 0.0000 Tt: 0.0500 Acc: 0.5370 | L_wl_t1: 3.3428, L_wl_t2: 6.8106, L_wl_t3: 7.4603, L_wl_t4: 7.5854, L_wl_t5: 7.6008, L_wl_t6: 7.6044
[WL-DINO | citeseer    ] Epoch 070/200 Loss: 3.9273 Distill: 0.2812 WL_cls_sum: 7.2923 WL_term: 3.6461 WL_scale: 1.00 PairCov: 0.539 Sup: 0.0000 Tt: 0.0500 Acc: 0.5380 | L_wl_t1: 3.3250, L_wl_t2: 6.7980, L_wl_t3: 7.4526, L_wl_t4: 7.5785, L_wl_t5: 7.5932, L_wl_t6: 7.5964
[WL-DINO | citeseer    ] Epoch 080/200 Loss: 3.8745 Distill: 0.2324 WL_cls_sum: 7.2842 WL_term: 3.6421 WL_scale: 1.00 PairCov: 0.539 Sup: 0.0000 Tt: 0.0500 Acc: 0.5330 | L_wl_t1: 3.3087, L_wl_t2: 6.7860, L_wl_t3: 7.4452, L_wl_t4: 7.5718, L_wl_t5: 7.5859, L_wl_t6: 7.5892
[WL-DINO | citeseer    ] Epoch 090/200 Loss: 3.8355 Distill: 0.1971 WL_cls_sum: 7.2769 WL_term: 3.6384 WL_scale: 1.00 PairCov: 0.539 Sup: 0.0000 Tt: 0.0500 Acc: 0.5360 | L_wl_t1: 3.2941, L_wl_t2: 6.7751, L_wl_t3: 7.4383, L_wl_t4: 7.5657, L_wl_t5: 7.5794, L_wl_t6: 7.5826
[WL-DINO | citeseer    ] Epoch 100/200 Loss: 3.8049 Distill: 0.1696 WL_cls_sum: 7.2705 WL_term: 3.6353 WL_scale: 1.00 PairCov: 0.539 Sup: 0.0000 Tt: 0.0500 Acc: 0.5300 | L_wl_t1: 3.2811, L_wl_t2: 6.7655, L_wl_t3: 7.4325, L_wl_t4: 7.5604, L_wl_t5: 7.5736, L_wl_t6: 7.5769
[WL-DINO | citeseer    ] Epoch 110/200 Loss: 3.7832 Distill: 0.1506 WL_cls_sum: 7.2651 WL_term: 3.6325 WL_scale: 1.00 PairCov: 0.477 Sup: 0.0000 Tt: 0.0500 Acc: 0.5330 | L_wl_t1: 3.2701, L_wl_t2: 6.7573, L_wl_t3: 7.4273, L_wl_t4: 7.5558, L_wl_t5: 7.5690, L_wl_t6: 7.5719
[WL-DINO | citeseer    ] Epoch 120/200 Loss: 3.7630 Distill: 0.1327 WL_cls_sum: 7.2605 WL_term: 3.6303 WL_scale: 1.00 PairCov: 0.477 Sup: 0.0000 Tt: 0.0500 Acc: 0.5380 | L_wl_t1: 3.2609, L_wl_t2: 6.7505, L_wl_t3: 7.4231, L_wl_t4: 7.5520, L_wl_t5: 7.5650, L_wl_t6: 7.5678
[WL-DINO | citeseer    ] Epoch 130/200 Loss: 3.7478 Distill: 0.1194 WL_cls_sum: 7.2568 WL_term: 3.6284 WL_scale: 1.00 PairCov: 0.477 Sup: 0.0000 Tt: 0.0500 Acc: 0.5260 | L_wl_t1: 3.2535, L_wl_t2: 6.7450, L_wl_t3: 7.4196, L_wl_t4: 7.5488, L_wl_t5: 7.5618, L_wl_t6: 7.5644
[WL-DINO | citeseer    ] Epoch 140/200 Loss: 3.7344 Distill: 0.1074 WL_cls_sum: 7.2541 WL_term: 3.6270 WL_scale: 1.00 PairCov: 0.459 Sup: 0.0000 Tt: 0.0500 Acc: 0.5310 | L_wl_t1: 3.2478, L_wl_t2: 6.7406, L_wl_t3: 7.4168, L_wl_t4: 7.5466, L_wl_t5: 7.5594, L_wl_t6: 7.5621
[WL-DINO | citeseer    ] Epoch 150/200 Loss: 3.7238 Distill: 0.0978 WL_cls_sum: 7.2520 WL_term: 3.6260 WL_scale: 1.00 PairCov: 0.459 Sup: 0.0000 Tt: 0.0500 Acc: 0.5280 | L_wl_t1: 3.2436, L_wl_t2: 6.7375, L_wl_t3: 7.4151, L_wl_t4: 7.5447, L_wl_t5: 7.5576, L_wl_t6: 7.5601
[WL-DINO | citeseer    ] Epoch 160/200 Loss: 3.7164 Distill: 0.0911 WL_cls_sum: 7.2505 WL_term: 3.6253 WL_scale: 1.00 PairCov: 0.459 Sup: 0.0000 Tt: 0.0500 Acc: 0.5280 | L_wl_t1: 3.2407, L_wl_t2: 6.7352, L_wl_t3: 7.4135, L_wl_t4: 7.5436, L_wl_t5: 7.5564, L_wl_t6: 7.5588
[WL-DINO | citeseer    ] Epoch 170/200 Loss: 3.7097 Distill: 0.0849 WL_cls_sum: 7.2496 WL_term: 3.6248 WL_scale: 1.00 PairCov: 0.459 Sup: 0.0000 Tt: 0.0500 Acc: 0.5310 | L_wl_t1: 3.2389, L_wl_t2: 6.7338, L_wl_t3: 7.4128, L_wl_t4: 7.5429, L_wl_t5: 7.5557, L_wl_t6: 7.5579
[WL-DINO | citeseer    ] Epoch 180/200 Loss: 3.7049 Distill: 0.0803 WL_cls_sum: 7.2492 WL_term: 3.6246 WL_scale: 1.00 PairCov: 0.459 Sup: 0.0000 Tt: 0.0500 Acc: 0.5250 | L_wl_t1: 3.2380, L_wl_t2: 6.7331, L_wl_t3: 7.4124, L_wl_t4: 7.5425, L_wl_t5: 7.5553, L_wl_t6: 7.5575
[WL-DINO | citeseer    ] Epoch 190/200 Loss: 3.7013 Distill: 0.0768 WL_cls_sum: 7.2490 WL_term: 3.6245 WL_scale: 1.00 PairCov: 0.459 Sup: 0.0000 Tt: 0.0500 Acc: 0.5240 | L_wl_t1: 3.2376, L_wl_t2: 6.7329, L_wl_t3: 7.4123, L_wl_t4: 7.5423, L_wl_t5: 7.5551, L_wl_t6: 7.5574
[WL-DINO | citeseer    ] Epoch 200/200 Loss: 3.6997 Distill: 0.0753 WL_cls_sum: 7.2489 WL_term: 3.6244 WL_scale: 1.00 PairCov: 0.459 Sup: 0.0000 Tt: 0.0500 Acc: 0.5250 | L_wl_t1: 3.2374, L_wl_t2: 6.7327, L_wl_t3: 7.4121, L_wl_t4: 7.5424, L_wl_t5: 7.5549, L_wl_t6: 7.5572
[WL-DINO | CITESEER    ] Best Acc: 0.5800
