<frozen runpy>:128: RuntimeWarning: 'wl_gcl.src.trainers.train_wl_dino' found in sys.modules after import of package 'wl_gcl.src.trainers', but prior to execution of 'wl_gcl.src.trainers.train_wl_dino'; this may result in unpredictable behaviour
[WL-DINO] use_max_wl_depth=True -> resolved_wl_depth=5 (cfg.wl_depth=4)

[WL-DINO] Dataset=CORA | Model=GCN | objective=bgrl_wl_naive_cls | distill_space=candidate | dual_view_pairs=False | wl_loss_type=align | wl_naive_pair_sampling=uniform | wl_naive_distance_beta=1.000 | adaptive_wl_balance=False | lambda_sup=0.0 | epochs=200 | device=cuda

[WL-DINO] WL-cls settings | levels=1,2,3,4,5 | alpha_scheme=deeper_more | lambda_wl=0.5
[WL-DINO | cora        ] Epoch 010/200 Loss: 4.3459 Distill: 0.6400 WL_cls_sum: 7.4117 WL_term: 3.7059 WL_scale: 1.00 PairCov: 0.995 Sup: 0.0000 Tt: 0.0433 Acc: 0.6800 | L_wl_t1: 3.5421, L_wl_t2: 7.3377, L_wl_t3: 7.7251, L_wl_t4: 7.7529, L_wl_t5: 7.7543
[WL-DINO | cora        ] Epoch 020/200 Loss: 4.1744 Distill: 0.4796 WL_cls_sum: 7.3896 WL_term: 3.6948 WL_scale: 1.00 PairCov: 0.995 Sup: 0.0000 Tt: 0.0467 Acc: 0.6630 | L_wl_t1: 3.4358, L_wl_t2: 7.2984, L_wl_t3: 7.7117, L_wl_t4: 7.7407, L_wl_t5: 7.7426
[WL-DINO | cora        ] Epoch 030/200 Loss: 4.0030 Distill: 0.3190 WL_cls_sum: 7.3679 WL_term: 3.6840 WL_scale: 1.00 PairCov: 0.995 Sup: 0.0000 Tt: 0.0500 Acc: 0.6750 | L_wl_t1: 3.3359, L_wl_t2: 7.2604, L_wl_t3: 7.6986, L_wl_t4: 7.7286, L_wl_t5: 7.7304
[WL-DINO | cora        ] Epoch 040/200 Loss: 3.8882 Distill: 0.2152 WL_cls_sum: 7.3461 WL_term: 3.6731 WL_scale: 1.00 PairCov: 0.995 Sup: 0.0000 Tt: 0.0500 Acc: 0.6770 | L_wl_t1: 3.2381, L_wl_t2: 7.2218, L_wl_t3: 7.6852, L_wl_t4: 7.7163, L_wl_t5: 7.7179
[WL-DINO | cora        ] Epoch 050/200 Loss: 3.8547 Distill: 0.1920 WL_cls_sum: 7.3254 WL_term: 3.6627 WL_scale: 1.00 PairCov: 0.513 Sup: 0.0000 Tt: 0.0500 Acc: 0.6910 | L_wl_t1: 3.1463, L_wl_t2: 7.1857, L_wl_t3: 7.6725, L_wl_t4: 7.7045, L_wl_t5: 7.7057
[WL-DINO | cora        ] Epoch 060/200 Loss: 3.8014 Distill: 0.1481 WL_cls_sum: 7.3066 WL_term: 3.6533 WL_scale: 1.00 PairCov: 0.513 Sup: 0.0000 Tt: 0.0500 Acc: 0.7000 | L_wl_t1: 3.0642, L_wl_t2: 7.1531, L_wl_t3: 7.6610, L_wl_t4: 7.6936, L_wl_t5: 7.6942
[WL-DINO | cora        ] Epoch 070/200 Loss: 3.7669 Distill: 0.1223 WL_cls_sum: 7.2893 WL_term: 3.6447 WL_scale: 1.00 PairCov: 0.513 Sup: 0.0000 Tt: 0.0500 Acc: 0.7190 | L_wl_t1: 2.9927, L_wl_t2: 7.1245, L_wl_t3: 7.6503, L_wl_t4: 7.6830, L_wl_t5: 7.6831
[WL-DINO | cora        ] Epoch 080/200 Loss: 3.7408 Distill: 0.1041 WL_cls_sum: 7.2735 WL_term: 3.6367 WL_scale: 1.00 PairCov: 0.513 Sup: 0.0000 Tt: 0.0500 Acc: 0.7280 | L_wl_t1: 2.9314, L_wl_t2: 7.0993, L_wl_t3: 7.6399, L_wl_t4: 7.6727, L_wl_t5: 7.6724
[WL-DINO | cora        ] Epoch 090/200 Loss: 3.7345 Distill: 0.1051 WL_cls_sum: 7.2587 WL_term: 3.6294 WL_scale: 1.00 PairCov: 0.215 Sup: 0.0000 Tt: 0.0500 Acc: 0.7320 | L_wl_t1: 2.8801, L_wl_t2: 7.0777, L_wl_t3: 7.6298, L_wl_t4: 7.6623, L_wl_t5: 7.6613
[WL-DINO | cora        ] Epoch 100/200 Loss: 3.7210 Distill: 0.0988 WL_cls_sum: 7.2445 WL_term: 3.6223 WL_scale: 1.00 PairCov: 0.215 Sup: 0.0000 Tt: 0.0500 Acc: 0.7490 | L_wl_t1: 2.8386, L_wl_t2: 7.0594, L_wl_t3: 7.6192, L_wl_t4: 7.6512, L_wl_t5: 7.6496
[WL-DINO | cora        ] Epoch 110/200 Loss: 3.7086 Distill: 0.0933 WL_cls_sum: 7.2307 WL_term: 3.6153 WL_scale: 1.00 PairCov: 0.215 Sup: 0.0000 Tt: 0.0500 Acc: 0.7460 | L_wl_t1: 2.8064, L_wl_t2: 7.0436, L_wl_t3: 7.6082, L_wl_t4: 7.6392, L_wl_t5: 7.6370
[WL-DINO | cora        ] Epoch 120/200 Loss: 3.6981 Distill: 0.0895 WL_cls_sum: 7.2172 WL_term: 3.6086 WL_scale: 1.00 PairCov: 0.215 Sup: 0.0000 Tt: 0.0500 Acc: 0.7580 | L_wl_t1: 2.7825, L_wl_t2: 7.0307, L_wl_t3: 7.5967, L_wl_t4: 7.6266, L_wl_t5: 7.6236
[WL-DINO | cora        ] Epoch 130/200 Loss: 3.6898 Distill: 0.0878 WL_cls_sum: 7.2040 WL_term: 3.6020 WL_scale: 1.00 PairCov: 0.184 Sup: 0.0000 Tt: 0.0500 Acc: 0.7590 | L_wl_t1: 2.7668, L_wl_t2: 7.0201, L_wl_t3: 7.5845, L_wl_t4: 7.6131, L_wl_t5: 7.6094
[WL-DINO | cora        ] Epoch 140/200 Loss: 3.6838 Distill: 0.0880 WL_cls_sum: 7.1915 WL_term: 3.5957 WL_scale: 1.00 PairCov: 0.184 Sup: 0.0000 Tt: 0.0500 Acc: 0.7700 | L_wl_t1: 2.7580, L_wl_t2: 7.0117, L_wl_t3: 7.5723, L_wl_t4: 7.5996, L_wl_t5: 7.5952
[WL-DINO | cora        ] Epoch 150/200 Loss: 3.6791 Distill: 0.0890 WL_cls_sum: 7.1803 WL_term: 3.5901 WL_scale: 1.00 PairCov: 0.184 Sup: 0.0000 Tt: 0.0500 Acc: 0.7680 | L_wl_t1: 2.7547, L_wl_t2: 7.0055, L_wl_t3: 7.5610, L_wl_t4: 7.5868, L_wl_t5: 7.5817
[WL-DINO | cora        ] Epoch 160/200 Loss: 3.6805 Distill: 0.0950 WL_cls_sum: 7.1710 WL_term: 3.5855 WL_scale: 1.00 PairCov: 0.184 Sup: 0.0000 Tt: 0.0500 Acc: 0.7760 | L_wl_t1: 2.7550, L_wl_t2: 7.0011, L_wl_t3: 7.5514, L_wl_t4: 7.5758, L_wl_t5: 7.5701
[WL-DINO | cora        ] Epoch 170/200 Loss: 3.6797 Distill: 0.0975 WL_cls_sum: 7.1645 WL_term: 3.5822 WL_scale: 1.00 PairCov: 0.183 Sup: 0.0000 Tt: 0.0500 Acc: 0.7750 | L_wl_t1: 2.7564, L_wl_t2: 6.9984, L_wl_t3: 7.5443, L_wl_t4: 7.5679, L_wl_t5: 7.5618
[WL-DINO | cora        ] Epoch 180/200 Loss: 3.6827 Distill: 0.1024 WL_cls_sum: 7.1606 WL_term: 3.5803 WL_scale: 1.00 PairCov: 0.183 Sup: 0.0000 Tt: 0.0500 Acc: 0.7740 | L_wl_t1: 2.7583, L_wl_t2: 6.9970, L_wl_t3: 7.5402, L_wl_t4: 7.5630, L_wl_t5: 7.5569
[WL-DINO | cora        ] Epoch 190/200 Loss: 3.6879 Distill: 0.1084 WL_cls_sum: 7.1591 WL_term: 3.5796 WL_scale: 1.00 PairCov: 0.183 Sup: 0.0000 Tt: 0.0500 Acc: 0.7730 | L_wl_t1: 2.7588, L_wl_t2: 6.9962, L_wl_t3: 7.5385, L_wl_t4: 7.5614, L_wl_t5: 7.5550
[WL-DINO | cora        ] Epoch 200/200 Loss: 3.6935 Distill: 0.1141 WL_cls_sum: 7.1588 WL_term: 3.5794 WL_scale: 1.00 PairCov: 0.183 Sup: 0.0000 Tt: 0.0500 Acc: 0.7740 | L_wl_t1: 2.7592, L_wl_t2: 6.9963, L_wl_t3: 7.5381, L_wl_t4: 7.5609, L_wl_t5: 7.5544
[WL-DINO | CORA        ] Best Acc: 0.7760
