<frozen runpy>:128: RuntimeWarning: 'wl_gcl.src.trainers.train_wl_dino' found in sys.modules after import of package 'wl_gcl.src.trainers', but prior to execution of 'wl_gcl.src.trainers.train_wl_dino'; this may result in unpredictable behaviour
[WL-DINO] use_max_wl_depth=True -> resolved_wl_depth=5 (cfg.wl_depth=4)

[WL-DINO] Dataset=CORA | Model=GCN | objective=bgrl_wl_naive_cls | distill_space=candidate | dual_view_pairs=False | wl_loss_type=align | wl_naive_pair_sampling=wl_distance | wl_naive_distance_beta=1.000 | adaptive_wl_balance=False | lambda_sup=0.0 | epochs=200 | device=cuda

[WL-DINO] WL-cls settings | levels=1,2,3,4,5 | alpha_scheme=deeper_more | lambda_wl=0.5
[WL-DINO | cora        ] Epoch 010/200 Loss: 4.2716 Distill: 0.5652 WL_cls_sum: 7.4128 WL_term: 3.7064 WL_scale: 1.00 PairCov: 0.995 Sup: 0.0000 Tt: 0.0433 Acc: 0.7070 | L_wl_t1: 3.5356, L_wl_t2: 7.3457, L_wl_t3: 7.7278, L_wl_t4: 7.7539, L_wl_t5: 7.7532
[WL-DINO | cora        ] Epoch 020/200 Loss: 4.1463 Distill: 0.4506 WL_cls_sum: 7.3913 WL_term: 3.6957 WL_scale: 1.00 PairCov: 0.995 Sup: 0.0000 Tt: 0.0467 Acc: 0.6810 | L_wl_t1: 3.4353, L_wl_t2: 7.3065, L_wl_t3: 7.7145, L_wl_t4: 7.7426, L_wl_t5: 7.7416
[WL-DINO | cora        ] Epoch 030/200 Loss: 3.9961 Distill: 0.3116 WL_cls_sum: 7.3690 WL_term: 3.6845 WL_scale: 1.00 PairCov: 0.995 Sup: 0.0000 Tt: 0.0500 Acc: 0.6840 | L_wl_t1: 3.3348, L_wl_t2: 7.2666, L_wl_t3: 7.7008, L_wl_t4: 7.7303, L_wl_t5: 7.7286
[WL-DINO | cora        ] Epoch 040/200 Loss: 3.8926 Distill: 0.2189 WL_cls_sum: 7.3475 WL_term: 3.6737 WL_scale: 1.00 PairCov: 0.995 Sup: 0.0000 Tt: 0.0500 Acc: 0.6910 | L_wl_t1: 3.2402, L_wl_t2: 7.2286, L_wl_t3: 7.6875, L_wl_t4: 7.7180, L_wl_t5: 7.7160
[WL-DINO | cora        ] Epoch 050/200 Loss: 3.8610 Distill: 0.1973 WL_cls_sum: 7.3273 WL_term: 3.6637 WL_scale: 1.00 PairCov: 0.513 Sup: 0.0000 Tt: 0.0500 Acc: 0.6950 | L_wl_t1: 3.1529, L_wl_t2: 7.1934, L_wl_t3: 7.6751, L_wl_t4: 7.7063, L_wl_t5: 7.7038
[WL-DINO | cora        ] Epoch 060/200 Loss: 3.8076 Distill: 0.1532 WL_cls_sum: 7.3087 WL_term: 3.6544 WL_scale: 1.00 PairCov: 0.513 Sup: 0.0000 Tt: 0.0500 Acc: 0.7120 | L_wl_t1: 3.0741, L_wl_t2: 7.1613, L_wl_t3: 7.6635, L_wl_t4: 7.6953, L_wl_t5: 7.6924
[WL-DINO | cora        ] Epoch 070/200 Loss: 3.7687 Distill: 0.1228 WL_cls_sum: 7.2917 WL_term: 3.6458 WL_scale: 1.00 PairCov: 0.513 Sup: 0.0000 Tt: 0.0500 Acc: 0.7160 | L_wl_t1: 3.0051, L_wl_t2: 7.1329, L_wl_t3: 7.6526, L_wl_t4: 7.6848, L_wl_t5: 7.6814
[WL-DINO | cora        ] Epoch 080/200 Loss: 3.7421 Distill: 0.1042 WL_cls_sum: 7.2759 WL_term: 3.6380 WL_scale: 1.00 PairCov: 0.513 Sup: 0.0000 Tt: 0.0500 Acc: 0.7340 | L_wl_t1: 2.9459, L_wl_t2: 7.1079, L_wl_t3: 7.6421, L_wl_t4: 7.6745, L_wl_t5: 7.6705
[WL-DINO | cora        ] Epoch 090/200 Loss: 3.7393 Distill: 0.1087 WL_cls_sum: 7.2611 WL_term: 3.6306 WL_scale: 1.00 PairCov: 0.215 Sup: 0.0000 Tt: 0.0500 Acc: 0.7380 | L_wl_t1: 2.8958, L_wl_t2: 7.0864, L_wl_t3: 7.6318, L_wl_t4: 7.6640, L_wl_t5: 7.6594
[WL-DINO | cora        ] Epoch 100/200 Loss: 3.7235 Distill: 0.1000 WL_cls_sum: 7.2469 WL_term: 3.6235 WL_scale: 1.00 PairCov: 0.215 Sup: 0.0000 Tt: 0.0500 Acc: 0.7420 | L_wl_t1: 2.8552, L_wl_t2: 7.0680, L_wl_t3: 7.6213, L_wl_t4: 7.6529, L_wl_t5: 7.6475
[WL-DINO | cora        ] Epoch 110/200 Loss: 3.7102 Distill: 0.0937 WL_cls_sum: 7.2331 WL_term: 3.6165 WL_scale: 1.00 PairCov: 0.215 Sup: 0.0000 Tt: 0.0500 Acc: 0.7490 | L_wl_t1: 2.8237, L_wl_t2: 7.0524, L_wl_t3: 7.6100, L_wl_t4: 7.6408, L_wl_t5: 7.6349
[WL-DINO | cora        ] Epoch 120/200 Loss: 3.6997 Distill: 0.0901 WL_cls_sum: 7.2192 WL_term: 3.6096 WL_scale: 1.00 PairCov: 0.215 Sup: 0.0000 Tt: 0.0500 Acc: 0.7540 | L_wl_t1: 2.8007, L_wl_t2: 7.0394, L_wl_t3: 7.5980, L_wl_t4: 7.6277, L_wl_t5: 7.6209
[WL-DINO | cora        ] Epoch 130/200 Loss: 3.6930 Distill: 0.0902 WL_cls_sum: 7.2057 WL_term: 3.6029 WL_scale: 1.00 PairCov: 0.184 Sup: 0.0000 Tt: 0.0500 Acc: 0.7610 | L_wl_t1: 2.7855, L_wl_t2: 7.0288, L_wl_t3: 7.5855, L_wl_t4: 7.6138, L_wl_t5: 7.6062
[WL-DINO | cora        ] Epoch 140/200 Loss: 3.6852 Distill: 0.0888 WL_cls_sum: 7.1928 WL_term: 3.5964 WL_scale: 1.00 PairCov: 0.184 Sup: 0.0000 Tt: 0.0500 Acc: 0.7720 | L_wl_t1: 2.7774, L_wl_t2: 7.0206, L_wl_t3: 7.5728, L_wl_t4: 7.5996, L_wl_t5: 7.5913
[WL-DINO | cora        ] Epoch 150/200 Loss: 3.6846 Distill: 0.0941 WL_cls_sum: 7.1811 WL_term: 3.5905 WL_scale: 1.00 PairCov: 0.184 Sup: 0.0000 Tt: 0.0500 Acc: 0.7750 | L_wl_t1: 2.7754, L_wl_t2: 7.0146, L_wl_t3: 7.5608, L_wl_t4: 7.5860, L_wl_t5: 7.5770
[WL-DINO | cora        ] Epoch 160/200 Loss: 3.6824 Distill: 0.0968 WL_cls_sum: 7.1713 WL_term: 3.5857 WL_scale: 1.00 PairCov: 0.184 Sup: 0.0000 Tt: 0.0500 Acc: 0.7710 | L_wl_t1: 2.7769, L_wl_t2: 7.0105, L_wl_t3: 7.5505, L_wl_t4: 7.5743, L_wl_t5: 7.5646
[WL-DINO | cora        ] Epoch 170/200 Loss: 3.6826 Distill: 0.1004 WL_cls_sum: 7.1645 WL_term: 3.5822 WL_scale: 1.00 PairCov: 0.183 Sup: 0.0000 Tt: 0.0500 Acc: 0.7700 | L_wl_t1: 2.7798, L_wl_t2: 7.0078, L_wl_t3: 7.5431, L_wl_t4: 7.5659, L_wl_t5: 7.5558
[WL-DINO | cora        ] Epoch 180/200 Loss: 3.6876 Distill: 0.1074 WL_cls_sum: 7.1603 WL_term: 3.5801 WL_scale: 1.00 PairCov: 0.183 Sup: 0.0000 Tt: 0.0500 Acc: 0.7710 | L_wl_t1: 2.7822, L_wl_t2: 7.0067, L_wl_t3: 7.5386, L_wl_t4: 7.5605, L_wl_t5: 7.5502
[WL-DINO | cora        ] Epoch 190/200 Loss: 3.6923 Distill: 0.1130 WL_cls_sum: 7.1585 WL_term: 3.5793 WL_scale: 1.00 PairCov: 0.183 Sup: 0.0000 Tt: 0.0500 Acc: 0.7710 | L_wl_t1: 2.7837, L_wl_t2: 7.0062, L_wl_t3: 7.5364, L_wl_t4: 7.5583, L_wl_t5: 7.5479
[WL-DINO | cora        ] Epoch 200/200 Loss: 3.6987 Distill: 0.1195 WL_cls_sum: 7.1584 WL_term: 3.5792 WL_scale: 1.00 PairCov: 0.183 Sup: 0.0000 Tt: 0.0500 Acc: 0.7730 | L_wl_t1: 2.7837, L_wl_t2: 7.0060, L_wl_t3: 7.5363, L_wl_t4: 7.5582, L_wl_t5: 7.5476
[WL-DINO | CORA        ] Best Acc: 0.7750
