<frozen runpy>:128: RuntimeWarning: 'wl_gcl.src.trainers.train_wl_dino' found in sys.modules after import of package 'wl_gcl.src.trainers', but prior to execution of 'wl_gcl.src.trainers.train_wl_dino'; this may result in unpredictable behaviour
[WL-DINO] use_max_wl_depth=True -> resolved_wl_depth=5 (cfg.wl_depth=4)

[WL-DINO] Dataset=CORA | Model=GCN | objective=bgrl_wl_naive_cls | distill_space=candidate | dual_view_pairs=False | wl_loss_type=align | wl_naive_pair_sampling=hybrid | wl_naive_distance_beta=1.000 | adaptive_wl_balance=False | lambda_sup=0.0 | epochs=200 | device=cuda

[WL-DINO] WL-cls settings | levels=1,2,3,4,5 | alpha_scheme=deeper_more | lambda_wl=0.5
[WL-DINO | cora        ] Epoch 010/200 Loss: 4.2832 Distill: 0.5767 WL_cls_sum: 7.4129 WL_term: 3.7065 WL_scale: 1.00 PairCov: 0.995 Sup: 0.0000 Tt: 0.0433 Acc: 0.6920 | L_wl_t1: 3.5416, L_wl_t2: 7.3421, L_wl_t3: 7.7261, L_wl_t4: 7.7533, L_wl_t5: 7.7554
[WL-DINO | cora        ] Epoch 020/200 Loss: 4.1490 Distill: 0.4532 WL_cls_sum: 7.3917 WL_term: 3.6958 WL_scale: 1.00 PairCov: 0.995 Sup: 0.0000 Tt: 0.0467 Acc: 0.6910 | L_wl_t1: 3.4439, L_wl_t2: 7.3027, L_wl_t3: 7.7132, L_wl_t4: 7.7419, L_wl_t5: 7.7437
[WL-DINO | cora        ] Epoch 030/200 Loss: 3.9959 Distill: 0.3107 WL_cls_sum: 7.3703 WL_term: 3.6851 WL_scale: 1.00 PairCov: 0.995 Sup: 0.0000 Tt: 0.0500 Acc: 0.6840 | L_wl_t1: 3.3472, L_wl_t2: 7.2643, L_wl_t3: 7.7003, L_wl_t4: 7.7302, L_wl_t5: 7.7314
[WL-DINO | cora        ] Epoch 040/200 Loss: 3.8860 Distill: 0.2115 WL_cls_sum: 7.3490 WL_term: 3.6745 WL_scale: 1.00 PairCov: 0.995 Sup: 0.0000 Tt: 0.0500 Acc: 0.6880 | L_wl_t1: 3.2520, L_wl_t2: 7.2266, L_wl_t3: 7.6872, L_wl_t4: 7.7182, L_wl_t5: 7.7190
[WL-DINO | cora        ] Epoch 050/200 Loss: 3.8570 Distill: 0.1926 WL_cls_sum: 7.3287 WL_term: 3.6643 WL_scale: 1.00 PairCov: 0.513 Sup: 0.0000 Tt: 0.0500 Acc: 0.6950 | L_wl_t1: 3.1622, L_wl_t2: 7.1907, L_wl_t3: 7.6747, L_wl_t4: 7.7067, L_wl_t5: 7.7071
[WL-DINO | cora        ] Epoch 060/200 Loss: 3.8024 Distill: 0.1474 WL_cls_sum: 7.3099 WL_term: 3.6550 WL_scale: 1.00 PairCov: 0.513 Sup: 0.0000 Tt: 0.0500 Acc: 0.7110 | L_wl_t1: 3.0812, L_wl_t2: 7.1582, L_wl_t3: 7.6631, L_wl_t4: 7.6957, L_wl_t5: 7.6958
[WL-DINO | cora        ] Epoch 070/200 Loss: 3.7678 Distill: 0.1214 WL_cls_sum: 7.2929 WL_term: 3.6465 WL_scale: 1.00 PairCov: 0.513 Sup: 0.0000 Tt: 0.0500 Acc: 0.7190 | L_wl_t1: 3.0099, L_wl_t2: 7.1294, L_wl_t3: 7.6525, L_wl_t4: 7.6856, L_wl_t5: 7.6850
[WL-DINO | cora        ] Epoch 080/200 Loss: 3.7411 Distill: 0.1024 WL_cls_sum: 7.2773 WL_term: 3.6386 WL_scale: 1.00 PairCov: 0.513 Sup: 0.0000 Tt: 0.0500 Acc: 0.7320 | L_wl_t1: 2.9487, L_wl_t2: 7.1044, L_wl_t3: 7.6424, L_wl_t4: 7.6756, L_wl_t5: 7.6745
[WL-DINO | cora        ] Epoch 090/200 Loss: 3.7365 Distill: 0.1051 WL_cls_sum: 7.2627 WL_term: 3.6314 WL_scale: 1.00 PairCov: 0.215 Sup: 0.0000 Tt: 0.0500 Acc: 0.7420 | L_wl_t1: 2.8971, L_wl_t2: 7.0827, L_wl_t3: 7.6325, L_wl_t4: 7.6655, L_wl_t5: 7.6639
[WL-DINO | cora        ] Epoch 100/200 Loss: 3.7193 Distill: 0.0948 WL_cls_sum: 7.2491 WL_term: 3.6245 WL_scale: 1.00 PairCov: 0.215 Sup: 0.0000 Tt: 0.0500 Acc: 0.7530 | L_wl_t1: 2.8548, L_wl_t2: 7.0643, L_wl_t3: 7.6225, L_wl_t4: 7.6552, L_wl_t5: 7.6529
[WL-DINO | cora        ] Epoch 110/200 Loss: 3.7073 Distill: 0.0893 WL_cls_sum: 7.2360 WL_term: 3.6180 WL_scale: 1.00 PairCov: 0.215 Sup: 0.0000 Tt: 0.0500 Acc: 0.7590 | L_wl_t1: 2.8214, L_wl_t2: 7.0487, L_wl_t3: 7.6124, L_wl_t4: 7.6444, L_wl_t5: 7.6414
[WL-DINO | cora        ] Epoch 120/200 Loss: 3.6957 Distill: 0.0839 WL_cls_sum: 7.2237 WL_term: 3.6118 WL_scale: 1.00 PairCov: 0.215 Sup: 0.0000 Tt: 0.0500 Acc: 0.7640 | L_wl_t1: 2.7960, L_wl_t2: 7.0358, L_wl_t3: 7.6020, L_wl_t4: 7.6333, L_wl_t5: 7.6297
[WL-DINO | cora        ] Epoch 130/200 Loss: 3.6885 Distill: 0.0826 WL_cls_sum: 7.2117 WL_term: 3.6059 WL_scale: 1.00 PairCov: 0.184 Sup: 0.0000 Tt: 0.0500 Acc: 0.7670 | L_wl_t1: 2.7779, L_wl_t2: 7.0252, L_wl_t3: 7.5914, L_wl_t4: 7.6217, L_wl_t5: 7.6174
[WL-DINO | cora        ] Epoch 140/200 Loss: 3.6825 Distill: 0.0821 WL_cls_sum: 7.2008 WL_term: 3.6004 WL_scale: 1.00 PairCov: 0.184 Sup: 0.0000 Tt: 0.0500 Acc: 0.7700 | L_wl_t1: 2.7663, L_wl_t2: 7.0168, L_wl_t3: 7.5812, L_wl_t4: 7.6104, L_wl_t5: 7.6054
[WL-DINO | cora        ] Epoch 150/200 Loss: 3.6790 Distill: 0.0833 WL_cls_sum: 7.1913 WL_term: 3.5956 WL_scale: 1.00 PairCov: 0.184 Sup: 0.0000 Tt: 0.0500 Acc: 0.7660 | L_wl_t1: 2.7596, L_wl_t2: 7.0106, L_wl_t3: 7.5719, L_wl_t4: 7.6001, L_wl_t5: 7.5945
[WL-DINO | cora        ] Epoch 160/200 Loss: 3.6781 Distill: 0.0862 WL_cls_sum: 7.1837 WL_term: 3.5919 WL_scale: 1.00 PairCov: 0.184 Sup: 0.0000 Tt: 0.0500 Acc: 0.7710 | L_wl_t1: 2.7567, L_wl_t2: 7.0064, L_wl_t3: 7.5641, L_wl_t4: 7.5916, L_wl_t5: 7.5855
[WL-DINO | cora        ] Epoch 170/200 Loss: 3.6775 Distill: 0.0883 WL_cls_sum: 7.1784 WL_term: 3.5892 WL_scale: 1.00 PairCov: 0.183 Sup: 0.0000 Tt: 0.0500 Acc: 0.7710 | L_wl_t1: 2.7556, L_wl_t2: 7.0035, L_wl_t3: 7.5587, L_wl_t4: 7.5854, L_wl_t5: 7.5791
[WL-DINO | cora        ] Epoch 180/200 Loss: 3.6788 Distill: 0.0912 WL_cls_sum: 7.1751 WL_term: 3.5875 WL_scale: 1.00 PairCov: 0.183 Sup: 0.0000 Tt: 0.0500 Acc: 0.7680 | L_wl_t1: 2.7555, L_wl_t2: 7.0020, L_wl_t3: 7.5553, L_wl_t4: 7.5815, L_wl_t5: 7.5750
[WL-DINO | cora        ] Epoch 190/200 Loss: 3.6825 Distill: 0.0954 WL_cls_sum: 7.1740 WL_term: 3.5870 WL_scale: 1.00 PairCov: 0.183 Sup: 0.0000 Tt: 0.0500 Acc: 0.7700 | L_wl_t1: 2.7555, L_wl_t2: 7.0014, L_wl_t3: 7.5542, L_wl_t4: 7.5804, L_wl_t5: 7.5736
[WL-DINO | cora        ] Epoch 200/200 Loss: 3.6849 Distill: 0.0980 WL_cls_sum: 7.1737 WL_term: 3.5869 WL_scale: 1.00 PairCov: 0.183 Sup: 0.0000 Tt: 0.0500 Acc: 0.7740 | L_wl_t1: 2.7557, L_wl_t2: 7.0012, L_wl_t3: 7.5538, L_wl_t4: 7.5800, L_wl_t5: 7.5734
[WL-DINO | CORA        ] Best Acc: 0.7740
