<frozen runpy>:128: RuntimeWarning: 'wl_gcl.src.trainers.train_wl_dino' found in sys.modules after import of package 'wl_gcl.src.trainers', but prior to execution of 'wl_gcl.src.trainers.train_wl_dino'; this may result in unpredictable behaviour
[WL-DINO] use_max_wl_depth=True -> resolved_wl_depth=5 (cfg.wl_depth=4)

[WL-DINO] Dataset=CORA | Model=GCN | objective=bgrl_wl_naive_cls | distill_space=candidate | dual_view_pairs=False | wl_loss_type=align | wl_naive_pair_sampling=feature_softmax | wl_naive_distance_beta=1.000 | adaptive_wl_balance=False | lambda_sup=0.0 | epochs=200 | device=cuda

[WL-DINO] WL-cls settings | levels=1,2,3,4,5 | alpha_scheme=deeper_more | lambda_wl=0.5
[WL-DINO | cora        ] Epoch 010/200 Loss: 4.2629 Distill: 0.5576 WL_cls_sum: 7.4105 WL_term: 3.7052 WL_scale: 1.00 PairCov: 0.995 Sup: 0.0000 Tt: 0.0433 Acc: 0.6760 | L_wl_t1: 3.5250, L_wl_t2: 7.3401, L_wl_t3: 7.7232, L_wl_t4: 7.7512, L_wl_t5: 7.7554
[WL-DINO | cora        ] Epoch 020/200 Loss: 4.1311 Distill: 0.4368 WL_cls_sum: 7.3885 WL_term: 3.6942 WL_scale: 1.00 PairCov: 0.995 Sup: 0.0000 Tt: 0.0467 Acc: 0.6560 | L_wl_t1: 3.4256, L_wl_t2: 7.3010, L_wl_t3: 7.7096, L_wl_t4: 7.7395, L_wl_t5: 7.7427
[WL-DINO | cora        ] Epoch 030/200 Loss: 3.9824 Distill: 0.2991 WL_cls_sum: 7.3666 WL_term: 3.6833 WL_scale: 1.00 PairCov: 0.995 Sup: 0.0000 Tt: 0.0500 Acc: 0.6630 | L_wl_t1: 3.3301, L_wl_t2: 7.2618, L_wl_t3: 7.6960, L_wl_t4: 7.7273, L_wl_t5: 7.7296
[WL-DINO | cora        ] Epoch 040/200 Loss: 3.8803 Distill: 0.2079 WL_cls_sum: 7.3449 WL_term: 3.6724 WL_scale: 1.00 PairCov: 0.995 Sup: 0.0000 Tt: 0.0500 Acc: 0.6770 | L_wl_t1: 3.2346, L_wl_t2: 7.2236, L_wl_t3: 7.6827, L_wl_t4: 7.7149, L_wl_t5: 7.7167
[WL-DINO | cora        ] Epoch 050/200 Loss: 3.8523 Distill: 0.1902 WL_cls_sum: 7.3243 WL_term: 3.6621 WL_scale: 1.00 PairCov: 0.513 Sup: 0.0000 Tt: 0.0500 Acc: 0.6880 | L_wl_t1: 3.1434, L_wl_t2: 7.1876, L_wl_t3: 7.6702, L_wl_t4: 7.7031, L_wl_t5: 7.7045
[WL-DINO | cora        ] Epoch 060/200 Loss: 3.7985 Distill: 0.1458 WL_cls_sum: 7.3053 WL_term: 3.6527 WL_scale: 1.00 PairCov: 0.513 Sup: 0.0000 Tt: 0.0500 Acc: 0.6940 | L_wl_t1: 3.0618, L_wl_t2: 7.1551, L_wl_t3: 7.6586, L_wl_t4: 7.6919, L_wl_t5: 7.6929
[WL-DINO | cora        ] Epoch 070/200 Loss: 3.7669 Distill: 0.1229 WL_cls_sum: 7.2880 WL_term: 3.6440 WL_scale: 1.00 PairCov: 0.513 Sup: 0.0000 Tt: 0.0500 Acc: 0.7180 | L_wl_t1: 2.9907, L_wl_t2: 7.1264, L_wl_t3: 7.6478, L_wl_t4: 7.6812, L_wl_t5: 7.6816
[WL-DINO | cora        ] Epoch 080/200 Loss: 3.7399 Distill: 0.1039 WL_cls_sum: 7.2719 WL_term: 3.6359 WL_scale: 1.00 PairCov: 0.513 Sup: 0.0000 Tt: 0.0500 Acc: 0.7340 | L_wl_t1: 2.9297, L_wl_t2: 7.1012, L_wl_t3: 7.6373, L_wl_t4: 7.6706, L_wl_t5: 7.6704
[WL-DINO | cora        ] Epoch 090/200 Loss: 3.7380 Distill: 0.1097 WL_cls_sum: 7.2567 WL_term: 3.6283 WL_scale: 1.00 PairCov: 0.215 Sup: 0.0000 Tt: 0.0500 Acc: 0.7460 | L_wl_t1: 2.8786, L_wl_t2: 7.0795, L_wl_t3: 7.6266, L_wl_t4: 7.6594, L_wl_t5: 7.6589
[WL-DINO | cora        ] Epoch 100/200 Loss: 3.7202 Distill: 0.0994 WL_cls_sum: 7.2417 WL_term: 3.6209 WL_scale: 1.00 PairCov: 0.215 Sup: 0.0000 Tt: 0.0500 Acc: 0.7580 | L_wl_t1: 2.8378, L_wl_t2: 7.0609, L_wl_t3: 7.6152, L_wl_t4: 7.6474, L_wl_t5: 7.6462
[WL-DINO | cora        ] Epoch 110/200 Loss: 3.7110 Distill: 0.0975 WL_cls_sum: 7.2269 WL_term: 3.6135 WL_scale: 1.00 PairCov: 0.215 Sup: 0.0000 Tt: 0.0500 Acc: 0.7640 | L_wl_t1: 2.8062, L_wl_t2: 7.0452, L_wl_t3: 7.6030, L_wl_t4: 7.6343, L_wl_t5: 7.6323
[WL-DINO | cora        ] Epoch 120/200 Loss: 3.6989 Distill: 0.0930 WL_cls_sum: 7.2119 WL_term: 3.6059 WL_scale: 1.00 PairCov: 0.215 Sup: 0.0000 Tt: 0.0500 Acc: 0.7700 | L_wl_t1: 2.7836, L_wl_t2: 7.0321, L_wl_t3: 7.5897, L_wl_t4: 7.6195, L_wl_t5: 7.6166
[WL-DINO | cora        ] Epoch 130/200 Loss: 3.6881 Distill: 0.0898 WL_cls_sum: 7.1967 WL_term: 3.5983 WL_scale: 1.00 PairCov: 0.184 Sup: 0.0000 Tt: 0.0500 Acc: 0.7740 | L_wl_t1: 2.7701, L_wl_t2: 7.0216, L_wl_t3: 7.5751, L_wl_t4: 7.6033, L_wl_t5: 7.5995
[WL-DINO | cora        ] Epoch 140/200 Loss: 3.6835 Distill: 0.0927 WL_cls_sum: 7.1815 WL_term: 3.5907 WL_scale: 1.00 PairCov: 0.184 Sup: 0.0000 Tt: 0.0500 Acc: 0.7770 | L_wl_t1: 2.7654, L_wl_t2: 7.0136, L_wl_t3: 7.5597, L_wl_t4: 7.5860, L_wl_t5: 7.5813
[WL-DINO | cora        ] Epoch 150/200 Loss: 3.6790 Distill: 0.0953 WL_cls_sum: 7.1673 WL_term: 3.5837 WL_scale: 1.00 PairCov: 0.184 Sup: 0.0000 Tt: 0.0500 Acc: 0.7730 | L_wl_t1: 2.7673, L_wl_t2: 7.0078, L_wl_t3: 7.5448, L_wl_t4: 7.5690, L_wl_t5: 7.5634
[WL-DINO | cora        ] Epoch 160/200 Loss: 3.6792 Distill: 0.1016 WL_cls_sum: 7.1554 WL_term: 3.5777 WL_scale: 1.00 PairCov: 0.184 Sup: 0.0000 Tt: 0.0500 Acc: 0.7770 | L_wl_t1: 2.7738, L_wl_t2: 7.0040, L_wl_t3: 7.5315, L_wl_t4: 7.5541, L_wl_t5: 7.5476
[WL-DINO | cora        ] Epoch 170/200 Loss: 3.6806 Distill: 0.1073 WL_cls_sum: 7.1466 WL_term: 3.5733 WL_scale: 1.00 PairCov: 0.183 Sup: 0.0000 Tt: 0.0500 Acc: 0.7800 | L_wl_t1: 2.7818, L_wl_t2: 7.0022, L_wl_t3: 7.5215, L_wl_t4: 7.5425, L_wl_t5: 7.5356
[WL-DINO | cora        ] Epoch 180/200 Loss: 3.6826 Distill: 0.1119 WL_cls_sum: 7.1412 WL_term: 3.5706 WL_scale: 1.00 PairCov: 0.183 Sup: 0.0000 Tt: 0.0500 Acc: 0.7830 | L_wl_t1: 2.7873, L_wl_t2: 7.0009, L_wl_t3: 7.5152, L_wl_t4: 7.5358, L_wl_t5: 7.5281
[WL-DINO | cora        ] Epoch 190/200 Loss: 3.6919 Distill: 0.1223 WL_cls_sum: 7.1392 WL_term: 3.5696 WL_scale: 1.00 PairCov: 0.183 Sup: 0.0000 Tt: 0.0500 Acc: 0.7820 | L_wl_t1: 2.7900, L_wl_t2: 7.0009, L_wl_t3: 7.5129, L_wl_t4: 7.5329, L_wl_t5: 7.5251
[WL-DINO | cora        ] Epoch 200/200 Loss: 3.7002 Distill: 0.1308 WL_cls_sum: 7.1388 WL_term: 3.5694 WL_scale: 1.00 PairCov: 0.183 Sup: 0.0000 Tt: 0.0500 Acc: 0.7800 | L_wl_t1: 2.7905, L_wl_t2: 7.0006, L_wl_t3: 7.5125, L_wl_t4: 7.5324, L_wl_t5: 7.5246
[WL-DINO | CORA        ] Best Acc: 0.7830
