Traceback (most recent call last):
  File "/gpfs/users/yartaouifa/.conda/envs/env_gssl/lib/python3.10/site-packages/aiohttp/connector.py", line 1562, in _create_direct_connection
    hosts = await self._resolve_host(host, port, traces=traces)
  File "/gpfs/users/yartaouifa/.conda/envs/env_gssl/lib/python3.10/site-packages/aiohttp/connector.py", line 1178, in _resolve_host
    return await asyncio.shield(resolved_host_task)
  File "/gpfs/users/yartaouifa/.conda/envs/env_gssl/lib/python3.10/site-packages/aiohttp/connector.py", line 1209, in _resolve_host_with_throttle
    addrs = await self._resolver.resolve(host, port, family=self._family)
  File "/gpfs/users/yartaouifa/.conda/envs/env_gssl/lib/python3.10/site-packages/aiohttp/resolver.py", line 40, in resolve
    infos = await self._loop.getaddrinfo(
  File "/gpfs/users/yartaouifa/.conda/envs/env_gssl/lib/python3.10/asyncio/base_events.py", line 863, in getaddrinfo
    return await self.run_in_executor(
  File "/gpfs/users/yartaouifa/.conda/envs/env_gssl/lib/python3.10/concurrent/futures/thread.py", line 58, in run
    result = self.fn(*self.args, **self.kwargs)
  File "/gpfs/users/yartaouifa/.conda/envs/env_gssl/lib/python3.10/socket.py", line 967, in getaddrinfo
    for res in _socket.getaddrinfo(host, port, family, type, proto, flags):
socket.gaierror: [Errno -2] Name or service not known

The above exception was the direct cause of the following exception:

Traceback (most recent call last):
  File "/gpfs/workdir/yartaouifa/Graph-SSL/wl_gcl/src/utils/tune.py", line 318, in <module>
    main()
  File "/gpfs/workdir/yartaouifa/Graph-SSL/wl_gcl/src/utils/tune.py", line 285, in main
    rec = run_trial(args.trainer, cfg, args.seed)
  File "/gpfs/workdir/yartaouifa/Graph-SSL/wl_gcl/src/utils/tune.py", line 209, in run_trial
    metrics = trainer_fn(cfg)
  File "/gpfs/workdir/yartaouifa/Graph-SSL/wl_gcl/src/trainers/train_wl_hierarchy.py", line 35, in train_wl_hierarchy
    dataset = load_dataset(cfg.dataset)
  File "/gpfs/workdir/yartaouifa/Graph-SSL/wl_gcl/src/data_loader/dataset.py", line 59, in load_dataset
    dataset = Planetoid(root=root, name=name.capitalize())
  File "/gpfs/users/yartaouifa/.conda/envs/env_gssl/lib/python3.10/site-packages/torch_geometric/datasets/planetoid.py", line 102, in __init__
    super().__init__(root, transform, pre_transform,
  File "/gpfs/users/yartaouifa/.conda/envs/env_gssl/lib/python3.10/site-packages/torch_geometric/data/in_memory_dataset.py", line 81, in __init__
    super().__init__(root, transform, pre_transform, pre_filter, log,
  File "/gpfs/users/yartaouifa/.conda/envs/env_gssl/lib/python3.10/site-packages/torch_geometric/data/dataset.py", line 112, in __init__
    self._download()
  File "/gpfs/users/yartaouifa/.conda/envs/env_gssl/lib/python3.10/site-packages/torch_geometric/data/dataset.py", line 230, in _download
    self.download()
  File "/gpfs/users/yartaouifa/.conda/envs/env_gssl/lib/python3.10/site-packages/torch_geometric/datasets/planetoid.py", line 154, in download
    fs.cp(f'{self.url}/{name}', self.raw_dir)
  File "/gpfs/users/yartaouifa/.conda/envs/env_gssl/lib/python3.10/site-packages/torch_geometric/io/fs.py", line 114, in cp
    is_path1_dir = isdir(path1)
  File "/gpfs/users/yartaouifa/.conda/envs/env_gssl/lib/python3.10/site-packages/torch_geometric/io/fs.py", line 62, in isdir
    return get_fs(path).isdir(path)
  File "/gpfs/users/yartaouifa/.conda/envs/env_gssl/lib/python3.10/site-packages/fsspec/asyn.py", line 118, in wrapper
    return sync(self.loop, func, *args, **kwargs)
  File "/gpfs/users/yartaouifa/.conda/envs/env_gssl/lib/python3.10/site-packages/fsspec/asyn.py", line 103, in sync
    raise return_result
  File "/gpfs/users/yartaouifa/.conda/envs/env_gssl/lib/python3.10/site-packages/fsspec/asyn.py", line 56, in _runner
    result[0] = await coro
  File "/gpfs/users/yartaouifa/.conda/envs/env_gssl/lib/python3.10/site-packages/fsspec/implementations/http.py", line 538, in _isdir
    return bool(await self._ls(path))
  File "/gpfs/users/yartaouifa/.conda/envs/env_gssl/lib/python3.10/site-packages/fsspec/implementations/http.py", line 218, in _ls
    out = await self._ls_real(url, detail=detail, **kwargs)
  File "/gpfs/users/yartaouifa/.conda/envs/env_gssl/lib/python3.10/site-packages/fsspec/implementations/http.py", line 160, in _ls_real
    async with session.get(self.encode_url(url), **self.kwargs) as r:
  File "/gpfs/users/yartaouifa/.conda/envs/env_gssl/lib/python3.10/site-packages/aiohttp/client.py", line 1510, in __aenter__
    self._resp: _RetType = await self._coro
  File "/gpfs/users/yartaouifa/.conda/envs/env_gssl/lib/python3.10/site-packages/aiohttp/client.py", line 779, in _request
    resp = await handler(req)
  File "/gpfs/users/yartaouifa/.conda/envs/env_gssl/lib/python3.10/site-packages/aiohttp/client.py", line 734, in _connect_and_send_request
    conn = await self._connector.connect(
  File "/gpfs/users/yartaouifa/.conda/envs/env_gssl/lib/python3.10/site-packages/aiohttp/connector.py", line 672, in connect
    proto = await self._create_connection(req, traces, timeout)
  File "/gpfs/users/yartaouifa/.conda/envs/env_gssl/lib/python3.10/site-packages/aiohttp/connector.py", line 1239, in _create_connection
    _, proto = await self._create_direct_connection(req, traces, timeout)
  File "/gpfs/users/yartaouifa/.conda/envs/env_gssl/lib/python3.10/site-packages/aiohttp/connector.py", line 1568, in _create_direct_connection
    raise ClientConnectorDNSError(req.connection_key, exc) from exc
aiohttp.client_exceptions.ClientConnectorDNSError: Cannot connect to host github.com:443 ssl:default [Name or service not known]
