Start of search...
Existing trials in results.jsonl: 10
Planned candidates: 40

=== [1/40] Trial e3f2f634e17f (wl_hierarchy/amazon-photo) ===
{
  "dropout": 0.0,
  "epochs": 400,
  "heads": 2,
  "hidden_dim": 128,
  "lambda_hier": 0.01,
  "lambda_nce": 10.0,
  "lr": 0.0003,
  "num_layers": 4,
  "num_negatives": 128,
  "out_dim": 128,
  "scheduler": true,
  "tau": 1.0,
  "temperature": 0.2,
  "warmup": 20,
  "weight_decay": 0.0001,
  "wl_max_iter": 5
}

[WL-HIERARCHY] Dataset=AMAZON-PHOTO | Model=GIN | epochs=400 | device=cpu

[WL-HIERARCHY | amazon-photo] Epoch 010/400  Loss: 322.8343  Acc: 0.4667
[WL-HIERARCHY | amazon-photo] Epoch 020/400  Loss: 328.2246  Acc: 0.5261
[WL-HIERARCHY | amazon-photo] Epoch 030/400  Loss: 324.9305  Acc: 0.6529
[WL-HIERARCHY | amazon-photo] Epoch 040/400  Loss: 322.4878  Acc: 0.6961
[WL-HIERARCHY | amazon-photo] Epoch 050/400  Loss: 320.9495  Acc: 0.7503
[WL-HIERARCHY | amazon-photo] Epoch 060/400  Loss: 319.7746  Acc: 0.7980
[WL-HIERARCHY | amazon-photo] Epoch 070/400  Loss: 318.8302  Acc: 0.7889
[WL-HIERARCHY | amazon-photo] Epoch 080/400  Loss: 318.4997  Acc: 0.8216
[WL-HIERARCHY | amazon-photo] Epoch 090/400  Loss: 317.9319  Acc: 0.8229
[WL-HIERARCHY | amazon-photo] Epoch 100/400  Loss: 317.5296  Acc: 0.8229
[WL-HIERARCHY | amazon-photo] Epoch 110/400  Loss: 317.1929  Acc: 0.8307
[WL-HIERARCHY | amazon-photo] Epoch 120/400  Loss: 316.8065  Acc: 0.8431
[WL-HIERARCHY | amazon-photo] Epoch 130/400  Loss: 316.5696  Acc: 0.8412
[WL-HIERARCHY | amazon-photo] Epoch 140/400  Loss: 316.3221  Acc: 0.8425
[WL-HIERARCHY | amazon-photo] Epoch 150/400  Loss: 316.0768  Acc: 0.8327
